// Jest Snapshot v1, https://goo.gl/fbAQLP

exports[`SectionHero matches snapshot 1`] = `
<div
  className="root"
>
  <div
    className="heroContent"
  >
    <h1
      className="heroMainTitle"
    >
      <span>
        SectionHero.title
      </span>
    </h1>
    <h2
      className="heroSubTitle"
    >
      <span>
        SectionHero.subTitle
      </span>
    </h2>
    <a
      className="heroButton"
      href="/s?address=London%2C%20Greater%20London%2C%20England%2C%20United%20Kingdom&bounds=51.72939118%2C0.14348224%2C51.29405981%2C-0.36082876"
      onClick={[Function]}
      onMouseOver={[Function]}
      onTouchStart={[Function]}
      style={Object {}}
      title={null}
    >
      <span>
        SectionHero.browseButton
      </span>
    </a>
  </div>
</div>
`;
